
     Program MATDYN v.7.5 starts on 12Mar2026 at 12: 8:13 
        Git branch: HEAD
        Last git commit: 770a0b2d12928a67048e2f3da8d10d057e52179e
        Last git commit date: Tue Aug 19 09:57:12 2025 +0000
        Last git commit subject: Merge branch 'QE-7.5-RC' into 'master'

     This program is part of the open-source Quantum ESPRESSO suite
     for quantum simulation of materials; please cite
         "P. Giannozzi et al., J. Phys.:Condens. Matter 21 395502 (2009);
         "P. Giannozzi et al., J. Phys.:Condens. Matter 29 465901 (2017);
         "P. Giannozzi et al., J. Chem. Phys. 152 154105 (2020);
          URL http://www.quantum-espresso.org", 
     in publications or presentations arising from this work. More details at
     http://www.quantum-espresso.org/quote

     Parallel version (MPI), running on     1 processors

     MPI processes distributed on     1 nodes
     244650 MiB available memory on the printing compute node when the environment starts

warning: file closed at level 1 with tag Root open
          xq=  0.0000  0.0000  0.0000
          xq=  0.0000  0.0192  0.0000
          xq=  0.0000  0.0385  0.0000
          xq=  0.0000  0.0577  0.0000
          xq=  0.0000  0.0770  0.0000
          xq=  0.0000  0.0962  0.0000
          xq=  0.0000  0.1155  0.0000
          xq=  0.0000  0.1347  0.0000
          xq=  0.0000  0.1540  0.0000
          xq=  0.0000  0.1732  0.0000
          xq=  0.0000  0.1925  0.0000
          xq=  0.0000  0.2117  0.0000
          xq=  0.0000  0.2309  0.0000
          xq=  0.0000  0.2502  0.0000
          xq=  0.0000  0.2694  0.0000
          xq=  0.0000  0.2887  0.0000
          xq=  0.0000  0.3079  0.0000
          xq=  0.0000  0.3272  0.0000
          xq=  0.0000  0.3464  0.0000
          xq=  0.0000  0.3657  0.0000
          xq=  0.0000  0.3849  0.0000
          xq=  0.0000  0.4041  0.0000
          xq=  0.0000  0.4234  0.0000
          xq=  0.0000  0.4426  0.0000
          xq=  0.0000  0.4619  0.0000
          xq=  0.0000  0.4811  0.0000
          xq=  0.0000  0.5004  0.0000
          xq=  0.0000  0.5196  0.0000
          xq=  0.0000  0.5389  0.0000
          xq=  0.0000  0.5581  0.0000
          xq=  0.0000 -0.5774  0.0000
          xq=  0.0167  0.0289  0.0000
          xq=  0.0167  0.0481  0.0000
          xq=  0.0167  0.0674  0.0000
          xq=  0.0167  0.0866  0.0000
          xq=  0.0167  0.1058  0.0000
          xq=  0.0167  0.1251  0.0000
          xq=  0.0167  0.1443  0.0000
          xq=  0.0167  0.1636  0.0000
          xq=  0.0167  0.1828  0.0000
          xq=  0.0167  0.2021  0.0000
          xq=  0.0167  0.2213  0.0000
          xq=  0.0167  0.2406  0.0000
          xq=  0.0167  0.2598  0.0000
          xq=  0.0167  0.2791  0.0000
          xq=  0.0167  0.2983  0.0000
          xq=  0.0167  0.3175  0.0000
          xq=  0.0167  0.3368  0.0000
          xq=  0.0167  0.3560  0.0000
          xq=  0.0167  0.3753  0.0000
          xq=  0.0167  0.3945  0.0000
          xq=  0.0167  0.4138  0.0000
          xq=  0.0167  0.4330  0.0000
          xq=  0.0167  0.4523  0.0000
          xq=  0.0167  0.4715  0.0000
          xq=  0.0167  0.4907  0.0000
          xq=  0.0167  0.5100  0.0000
          xq=  0.0167  0.5292  0.0000
          xq=  0.0167  0.5485  0.0000
          xq=  0.0167  0.5677  0.0000
          xq=  0.0333  0.0577  0.0000
          xq=  0.0333  0.0770  0.0000
          xq=  0.0333  0.0962  0.0000
          xq=  0.0333  0.1155  0.0000
          xq=  0.0333  0.1347  0.0000
          xq=  0.0333  0.1540  0.0000
          xq=  0.0333  0.1732  0.0000
          xq=  0.0333  0.1925  0.0000
          xq=  0.0333  0.2117  0.0000
          xq=  0.0333  0.2309  0.0000
          xq=  0.0333  0.2502  0.0000
          xq=  0.0333  0.2694  0.0000
          xq=  0.0333  0.2887  0.0000
          xq=  0.0333  0.3079  0.0000
          xq=  0.0333  0.3272  0.0000
          xq=  0.0333  0.3464  0.0000
          xq=  0.0333  0.3657  0.0000
          xq=  0.0333  0.3849  0.0000
          xq=  0.0333  0.4041  0.0000
          xq=  0.0333  0.4234  0.0000
          xq=  0.0333  0.4426  0.0000
          xq=  0.0333  0.4619  0.0000
          xq=  0.0333  0.4811  0.0000
          xq=  0.0333  0.5004  0.0000
          xq=  0.0333  0.5196  0.0000
          xq=  0.0333  0.5389  0.0000
          xq=  0.0333  0.5581  0.0000
          xq=  0.0333  0.5774  0.0000
          xq=  0.0500  0.0866  0.0000
          xq=  0.0500  0.1058  0.0000
          xq=  0.0500  0.1251  0.0000
          xq=  0.0500  0.1443  0.0000
          xq=  0.0500  0.1636  0.0000
          xq=  0.0500  0.1828  0.0000
          xq=  0.0500  0.2021  0.0000
          xq=  0.0500  0.2213  0.0000
          xq=  0.0500  0.2406  0.0000
          xq=  0.0500  0.2598  0.0000
          xq=  0.0500  0.2791  0.0000
          xq=  0.0500  0.2983  0.0000
          xq=  0.0500  0.3175  0.0000
          xq=  0.0500  0.3368  0.0000
          xq=  0.0500  0.3560  0.0000
          xq=  0.0500  0.3753  0.0000
          xq=  0.0500  0.3945  0.0000
          xq=  0.0500  0.4138  0.0000
          xq=  0.0500  0.4330  0.0000
          xq=  0.0500  0.4523  0.0000
          xq=  0.0500  0.4715  0.0000
          xq=  0.0500  0.4907  0.0000
          xq=  0.0500  0.5100  0.0000
          xq=  0.0500  0.5292  0.0000
          xq=  0.0500  0.5485  0.0000
          xq=  0.0500  0.5677  0.0000
          xq=  0.0667  0.1155  0.0000
          xq=  0.0667  0.1347  0.0000
          xq=  0.0667  0.1540  0.0000
          xq=  0.0667  0.1732  0.0000
          xq=  0.0667  0.1925  0.0000
          xq=  0.0667  0.2117  0.0000
          xq=  0.0667  0.2309  0.0000
          xq=  0.0667  0.2502  0.0000
          xq=  0.0667  0.2694  0.0000
          xq=  0.0667  0.2887  0.0000
          xq=  0.0667  0.3079  0.0000
          xq=  0.0667  0.3272  0.0000
          xq=  0.0667  0.3464  0.0000
          xq=  0.0667  0.3657  0.0000
          xq=  0.0667  0.3849  0.0000
          xq=  0.0667  0.4041  0.0000
          xq=  0.0667  0.4234  0.0000
          xq=  0.0667  0.4426  0.0000
          xq=  0.0667  0.4619  0.0000
          xq=  0.0667  0.4811  0.0000
          xq=  0.0667  0.5004  0.0000
          xq=  0.0667  0.5196  0.0000
          xq=  0.0667  0.5389  0.0000
          xq=  0.0667  0.5581  0.0000
          xq=  0.0667  0.5774  0.0000
          xq=  0.0833  0.1443  0.0000
          xq=  0.0833  0.1636  0.0000
          xq=  0.0833  0.1828  0.0000
          xq=  0.0833  0.2021  0.0000
          xq=  0.0833  0.2213  0.0000
          xq=  0.0833  0.2406  0.0000
          xq=  0.0833  0.2598  0.0000
          xq=  0.0833  0.2791  0.0000
          xq=  0.0833  0.2983  0.0000
          xq=  0.0833  0.3175  0.0000
          xq=  0.0833  0.3368  0.0000
          xq=  0.0833  0.3560  0.0000
          xq=  0.0833  0.3753  0.0000
          xq=  0.0833  0.3945  0.0000
          xq=  0.0833  0.4138  0.0000
          xq=  0.0833  0.4330  0.0000
          xq=  0.0833  0.4523  0.0000
          xq=  0.0833  0.4715  0.0000
          xq=  0.0833  0.4907  0.0000
          xq=  0.0833  0.5100  0.0000
          xq=  0.0833  0.5292  0.0000
          xq=  0.0833  0.5485  0.0000
          xq=  0.0833  0.5677  0.0000
          xq=  0.1000  0.1732  0.0000
          xq=  0.1000  0.1925  0.0000
          xq=  0.1000  0.2117  0.0000
          xq=  0.1000  0.2309  0.0000
          xq=  0.1000  0.2502  0.0000
          xq=  0.1000  0.2694  0.0000
          xq=  0.1000  0.2887  0.0000
          xq=  0.1000  0.3079  0.0000
          xq=  0.1000  0.3272  0.0000
          xq=  0.1000  0.3464  0.0000
          xq=  0.1000  0.3657  0.0000
          xq=  0.1000  0.3849  0.0000
          xq=  0.1000  0.4041  0.0000
          xq=  0.1000  0.4234  0.0000
          xq=  0.1000  0.4426  0.0000
          xq=  0.1000  0.4619  0.0000
          xq=  0.1000  0.4811  0.0000
          xq=  0.1000  0.5004  0.0000
          xq=  0.1000  0.5196  0.0000
          xq=  0.1000  0.5389  0.0000
          xq=  0.1000  0.5581  0.0000
          xq=  0.1000  0.5774  0.0000
          xq=  0.1167  0.2021  0.0000
          xq=  0.1167  0.2213  0.0000
          xq=  0.1167  0.2406  0.0000
          xq=  0.1167  0.2598  0.0000
          xq=  0.1167  0.2791  0.0000
          xq=  0.1167  0.2983  0.0000
          xq=  0.1167  0.3175  0.0000
          xq=  0.1167  0.3368  0.0000
          xq=  0.1167  0.3560  0.0000
          xq=  0.1167  0.3753  0.0000
          xq=  0.1167  0.3945  0.0000
          xq=  0.1167  0.4138  0.0000
          xq=  0.1167  0.4330  0.0000
          xq=  0.1167  0.4523  0.0000
          xq=  0.1167  0.4715  0.0000
          xq=  0.1167  0.4907  0.0000
          xq=  0.1167  0.5100  0.0000
          xq=  0.1167  0.5292  0.0000
          xq=  0.1167  0.5485  0.0000
          xq=  0.1167  0.5677  0.0000
          xq=  0.1333  0.2309  0.0000
          xq=  0.1333  0.2502  0.0000
          xq=  0.1333  0.2694  0.0000
          xq=  0.1333  0.2887  0.0000
          xq=  0.1333  0.3079  0.0000
          xq=  0.1333  0.3272  0.0000
          xq=  0.1333  0.3464  0.0000
          xq=  0.1333  0.3657  0.0000
          xq=  0.1333  0.3849  0.0000
          xq=  0.1333  0.4041  0.0000
          xq=  0.1333  0.4234  0.0000
          xq=  0.1333  0.4426  0.0000
          xq=  0.1333  0.4619  0.0000
          xq=  0.1333  0.4811  0.0000
          xq=  0.1333  0.5004  0.0000
          xq=  0.1333  0.5196  0.0000
          xq=  0.1333  0.5389  0.0000
          xq=  0.1333  0.5581  0.0000
          xq=  0.1333  0.5774  0.0000
          xq=  0.1500  0.2598  0.0000
          xq=  0.1500  0.2791  0.0000
          xq=  0.1500  0.2983  0.0000
          xq=  0.1500  0.3175  0.0000
          xq=  0.1500  0.3368  0.0000
          xq=  0.1500  0.3560  0.0000
          xq=  0.1500  0.3753  0.0000
          xq=  0.1500  0.3945  0.0000
          xq=  0.1500  0.4138  0.0000
          xq=  0.1500  0.4330  0.0000
          xq=  0.1500  0.4523  0.0000
          xq=  0.1500  0.4715  0.0000
          xq=  0.1500  0.4907  0.0000
          xq=  0.1500  0.5100  0.0000
          xq=  0.1500  0.5292  0.0000
          xq=  0.1500  0.5485  0.0000
          xq=  0.1500  0.5677  0.0000
          xq=  0.1667  0.2887  0.0000
          xq=  0.1667  0.3079  0.0000
          xq=  0.1667  0.3272  0.0000
          xq=  0.1667  0.3464  0.0000
          xq=  0.1667  0.3657  0.0000
          xq=  0.1667  0.3849  0.0000
          xq=  0.1667  0.4041  0.0000
          xq=  0.1667  0.4234  0.0000
          xq=  0.1667  0.4426  0.0000
          xq=  0.1667  0.4619  0.0000
          xq=  0.1667  0.4811  0.0000
          xq=  0.1667  0.5004  0.0000
          xq=  0.1667  0.5196  0.0000
          xq=  0.1667  0.5389  0.0000
          xq=  0.1667  0.5581  0.0000
          xq=  0.1667  0.5774  0.0000
          xq=  0.1833  0.3175  0.0000
          xq=  0.1833  0.3368  0.0000
          xq=  0.1833  0.3560  0.0000
          xq=  0.1833  0.3753  0.0000
          xq=  0.1833  0.3945  0.0000
          xq=  0.1833  0.4138  0.0000
          xq=  0.1833  0.4330  0.0000
          xq=  0.1833  0.4523  0.0000
          xq=  0.1833  0.4715  0.0000
          xq=  0.1833  0.4907  0.0000
          xq=  0.1833  0.5100  0.0000
          xq=  0.1833  0.5292  0.0000
          xq=  0.1833  0.5485  0.0000
          xq=  0.1833  0.5677  0.0000
          xq=  0.2000  0.3464  0.0000
          xq=  0.2000  0.3657  0.0000
          xq=  0.2000  0.3849  0.0000
          xq=  0.2000  0.4041  0.0000
          xq=  0.2000  0.4234  0.0000
          xq=  0.2000  0.4426  0.0000
          xq=  0.2000  0.4619  0.0000
          xq=  0.2000  0.4811  0.0000
          xq=  0.2000  0.5004  0.0000
          xq=  0.2000  0.5196  0.0000
          xq=  0.2000  0.5389  0.0000
          xq=  0.2000  0.5581  0.0000
          xq=  0.2000  0.5774  0.0000
          xq=  0.2167  0.3753  0.0000
          xq=  0.2167  0.3945  0.0000
          xq=  0.2167  0.4138  0.0000
          xq=  0.2167  0.4330  0.0000
          xq=  0.2167  0.4523  0.0000
          xq=  0.2167  0.4715  0.0000
          xq=  0.2167  0.4907  0.0000
          xq=  0.2167  0.5100  0.0000
          xq=  0.2167  0.5292  0.0000
          xq=  0.2167  0.5485  0.0000
          xq=  0.2167  0.5677  0.0000
          xq=  0.2333  0.4041  0.0000
          xq=  0.2333  0.4234  0.0000
          xq=  0.2333  0.4426  0.0000
          xq=  0.2333  0.4619  0.0000
          xq=  0.2333  0.4811  0.0000
          xq=  0.2333  0.5004  0.0000
          xq=  0.2333  0.5196  0.0000
          xq=  0.2333  0.5389  0.0000
          xq=  0.2333  0.5581  0.0000
          xq=  0.2333  0.5774  0.0000
          xq=  0.2500  0.4330  0.0000
          xq=  0.2500  0.4523  0.0000
          xq=  0.2500  0.4715  0.0000
          xq=  0.2500  0.4907  0.0000
          xq=  0.2500  0.5100  0.0000
          xq=  0.2500  0.5292  0.0000
          xq=  0.2500  0.5485  0.0000
          xq=  0.2500  0.5677  0.0000
          xq=  0.2667  0.4619  0.0000
          xq=  0.2667  0.4811  0.0000
          xq=  0.2667  0.5004  0.0000
          xq=  0.2667  0.5196  0.0000
          xq=  0.2667  0.5389  0.0000
          xq=  0.2667  0.5581  0.0000
          xq=  0.2667  0.5774  0.0000
          xq=  0.2833  0.4907  0.0000
          xq=  0.2833  0.5100  0.0000
          xq=  0.2833  0.5292  0.0000
          xq=  0.2833  0.5485  0.0000
          xq=  0.2833  0.5677  0.0000
          xq=  0.3000  0.5196  0.0000
          xq=  0.3000  0.5389  0.0000
          xq=  0.3000  0.5581  0.0000
          xq=  0.3000  0.5774  0.0000
          xq=  0.3167  0.5485  0.0000
          xq=  0.3167  0.5677  0.0000
          xq=  0.3333  0.5774  0.0000

     MATDYN       :      8.64s CPU      8.80s WALL


   This run was terminated on:  12: 8:22  12Mar2026            

=------------------------------------------------------------------------------=
   JOB DONE.
=------------------------------------------------------------------------------=
