
     Program Q2R v.7.5 starts on 12Mar2026 at 11:28:51 
        Git branch: HEAD
        Last git commit: 770a0b2d12928a67048e2f3da8d10d057e52179e
        Last git commit date: Tue Aug 19 09:57:12 2025 +0000
        Last git commit subject: Merge branch 'QE-7.5-RC' into 'master'

     This program is part of the open-source Quantum ESPRESSO suite
     for quantum simulation of materials; please cite
         "P. Giannozzi et al., J. Phys.:Condens. Matter 21 395502 (2009);
         "P. Giannozzi et al., J. Phys.:Condens. Matter 29 465901 (2017);
         "P. Giannozzi et al., J. Chem. Phys. 152 154105 (2020);
          URL http://www.quantum-espresso.org", 
     in publications or presentations arising from this work. More details at
     http://www.quantum-espresso.org/quote

     Parallel version (MPI), running on     1 processors

     MPI processes distributed on     1 nodes
     245892 MiB available memory on the printing compute node when the environment starts


  file MoS2.dyn0.xml not found

  reading grid info from file MoS2.dyn0

  reading force constants from file MoS2.dyn1
  alpha Ewald:   0.89607727965348971     
  nqs=            1
 q=   0.00000000  0.00000000  0.00000000
  reading force constants from file MoS2.dyn2
  alpha Ewald:   0.89607727965348971     
  nqs=            6
 q=  -0.00000000 -0.19245011  0.00000000
 q=   0.00000000  0.19245011 -0.00000000
 q=  -0.16666668  0.09622506  0.00000000
 q=   0.16666668 -0.09622506 -0.00000000
 q=   0.16666668  0.09622505  0.00000000
 q=  -0.16666668 -0.09622505 -0.00000000
  reading force constants from file MoS2.dyn3
  alpha Ewald:   0.89607727965348971     
  nqs=            6
 q=  -0.00000001 -0.38490021  0.00000000
 q=   0.00000001  0.38490021 -0.00000000
 q=  -0.33333336  0.19245011  0.00000000
 q=   0.33333336 -0.19245011 -0.00000000
 q=   0.33333336  0.19245010  0.00000000
 q=  -0.33333336 -0.19245010 -0.00000000
  reading force constants from file MoS2.dyn4
  alpha Ewald:   0.89607727965348971     
  nqs=            3
 q=   0.00000001  0.57735032  0.00000000
 q=   0.50000004 -0.28867517  0.00000000
 q=  -0.50000005 -0.28867515  0.00000000
  reading force constants from file MoS2.dyn5
  alpha Ewald:   0.89607727965348971     
  nqs=            6
 q=  -0.16666669 -0.28867516  0.00000000
 q=   0.16666669 -0.28867516  0.00000000
 q=  -0.16666668  0.28867516  0.00000000
 q=   0.33333336 -0.00000001  0.00000000
 q=   0.16666668  0.28867516  0.00000000
 q=  -0.33333336 -0.00000001  0.00000000
  reading force constants from file MoS2.dyn6
  alpha Ewald:   0.89607727965348971     
  nqs=           12
 q=  -0.16666670 -0.48112518  0.00000000
 q=   0.16666670  0.48112518 -0.00000000
 q=   0.16666670 -0.48112518  0.00000000
 q=  -0.16666670  0.48112518 -0.00000000
 q=  -0.33333327  0.38490019  0.00000000
 q=   0.33333327 -0.38490019 -0.00000000
 q=   0.49999998  0.09622499  0.00000000
 q=  -0.49999998 -0.09622499 -0.00000000
 q=   0.33333327  0.38490019  0.00000000
 q=  -0.33333327 -0.38490019 -0.00000000
 q=  -0.49999998  0.09622499  0.00000000
 q=   0.49999998 -0.09622499 -0.00000000
  reading force constants from file MoS2.dyn7
  alpha Ewald:   0.89607727965348971     
  nqs=            2
 q=  -0.33333337 -0.57735032  0.00000000
 q=   0.33333337 -0.57735032  0.00000000

      q-space grid ok, #points =   36

      fft-check warning: sum of imaginary terms = 1.287419E-06

     Q2R          :      0.03s CPU      0.06s WALL


   This run was terminated on:  11:28:51  12Mar2026            

=------------------------------------------------------------------------------=
   JOB DONE.
=------------------------------------------------------------------------------=
